// Jest Snapshot v1, https://goo.gl/fbAQLP

exports[`TipContainer should render to a snapshot when tips list has items 1`] = `
<aside>
  <the-load-tip-stub />
   
  <!---->
   
  <!---->
   
  <!---->
</aside>
`;

exports[`TipContainer the order of elements in the props shouldn't affect fie behaviour 1`] = `
<aside>
  <the-load-tip-stub />
   
  <!---->
   
  <!---->
   
  <!---->
</aside>
`;
